// Vitest Snapshot v1, https://vitest.dev/guide/snapshot.html

exports[`effect > basic 1`] = `
{
  "components": {},
  "info": {
    "description": "Development documentation",
    "title": "Hono Documentation",
    "version": "0.0.0",
  },
  "openapi": "3.1.0",
  "paths": {
    "/": {
      "get": {
        "description": "This is a test route",
        "operationId": "GETIndex",
        "requestBody": {
          "content": {
            "application/json": {
              "schema": {
                "additionalProperties": false,
                "properties": {
                  "message": {
                    "type": "string",
                  },
                },
                "required": [
                  "message",
                ],
                "type": "object",
              },
            },
          },
        },
        "responses": {
          "200": {
            "content": {
              "application/json": {
                "schema": {
                  "additionalProperties": false,
                  "properties": {
                    "message": {
                      "type": "string",
                    },
                  },
                  "required": [
                    "message",
                  ],
                  "type": "object",
                },
              },
            },
            "description": "Success",
          },
        },
        "summary": "Test route",
        "tags": [
          "test",
        ],
      },
    },
  },
  "tags": undefined,
}
`;
