// Vitest Snapshot v1, https://vitest.dev/guide/snapshot.html

exports[`valibot > basic 1`] = `
{
  "components": {
    "schemas": {},
  },
  "info": {
    "description": "Development documentation",
    "title": "Hono Documentation",
    "version": "0.0.0",
  },
  "openapi": "3.1.0",
  "paths": {
    "/{id}": {
      "get": {
        "description": "This is a test route",
        "operationId": "GET:id",
        "parameters": [
          {
            "description": "The ID of the item",
            "example": "4daec17a-9ed2-40d2-b577-22bb89b96071",
            "in": "path",
            "name": "id",
            "required": true,
            "schema": {
              "type": "string",
            },
          },
          {
            "description": "The category of the item",
            "example": "one",
            "in": "query",
            "name": "category",
            "required": false,
            "schema": {
              "enum": [
                "one",
                "two",
                "three",
              ],
            },
          },
        ],
        "requestBody": {
          "content": {
            "application/json": {
              "schema": {
                "$schema": "http://json-schema.org/draft-07/schema#",
                "properties": {
                  "message": {
                    "type": "string",
                  },
                },
                "required": [
                  "message",
                ],
                "type": "object",
              },
            },
          },
        },
        "responses": {
          "200": {
            "content": {
              "application/json": {
                "schema": {
                  "$schema": "http://json-schema.org/draft-07/schema#",
                  "properties": {
                    "message": {
                      "type": "string",
                    },
                  },
                  "required": [
                    "message",
                  ],
                  "type": "object",
                },
              },
            },
            "description": "Success",
          },
        },
        "summary": "Test route",
        "tags": [
          "test",
        ],
      },
    },
  },
  "tags": undefined,
}
`;
